
PGNHEP problem loaded from file

 Reading COMPLEX matrices from binary files...
 All requested eigenvalues computed up to the required tolerance:
     -79.33886-892.74567i, -79.33886+892.74567i

