Al2_O3                                      1000017   1 aiida.in